MPLINK 5.09, LINKER
Linker Map File - Created Thu Jan 07 16:03:49 2021

                                 Section Info
                  Section       Type    Address   Location Size(Bytes)
                ---------  ---------  ---------  ---------  ---------
                   .org_0       code   0x000000    program   0x00005e
                   .cinit    romdata   0x00002f    program   0x000004
.config_2007_BUILD/DEFAULT/PRODUCTION/14_SUBR       code   0x002007    program   0x000002
.config_2008_BUILD/DEFAULT/PRODUCTION/14_SUBR       code   0x002008    program   0x000002



                              Program Memory Usage 
                               Start         End      
                           ---------   ---------      
                            0x000000    0x000030      
                            0x002007    0x002008      
            51 out of 8455 program addresses used, program memory utilization is 0%



                              Symbols - Sorted by Name
                     Name    Address   Location    Storage File                     
                ---------  ---------  ---------  --------- ---------                
                   INICIO   0x00000b    program     static C:\Users\diego\Documents\Aprendiendo MPLAB (Ensamblador)\EjerciciosPIC16F887.X\14_subrutina_de_tiempo_1_variable.asm
                     ST1V   0x000011    program     static C:\Users\diego\Documents\Aprendiendo MPLAB (Ensamblador)\EjerciciosPIC16F887.X\14_subrutina_de_tiempo_1_variable.asm
                     ST2V   0x000017    program     static C:\Users\diego\Documents\Aprendiendo MPLAB (Ensamblador)\EjerciciosPIC16F887.X\14_subrutina_de_tiempo_1_variable.asm
                  ST2V_V1   0x000019    program     static C:\Users\diego\Documents\Aprendiendo MPLAB (Ensamblador)\EjerciciosPIC16F887.X\14_subrutina_de_tiempo_1_variable.asm
                     ST3V   0x000021    program     static C:\Users\diego\Documents\Aprendiendo MPLAB (Ensamblador)\EjerciciosPIC16F887.X\14_subrutina_de_tiempo_1_variable.asm
                  ST3V_V1   0x000023    program     static C:\Users\diego\Documents\Aprendiendo MPLAB (Ensamblador)\EjerciciosPIC16F887.X\14_subrutina_de_tiempo_1_variable.asm
                  ST3V_V2   0x000025    program     static C:\Users\diego\Documents\Aprendiendo MPLAB (Ensamblador)\EjerciciosPIC16F887.X\14_subrutina_de_tiempo_1_variable.asm



                              Symbols - Sorted by Address
                     Name    Address   Location    Storage File                     
                ---------  ---------  ---------  --------- ---------                
                   INICIO   0x00000b    program     static C:\Users\diego\Documents\Aprendiendo MPLAB (Ensamblador)\EjerciciosPIC16F887.X\14_subrutina_de_tiempo_1_variable.asm
                     ST1V   0x000011    program     static C:\Users\diego\Documents\Aprendiendo MPLAB (Ensamblador)\EjerciciosPIC16F887.X\14_subrutina_de_tiempo_1_variable.asm
                     ST2V   0x000017    program     static C:\Users\diego\Documents\Aprendiendo MPLAB (Ensamblador)\EjerciciosPIC16F887.X\14_subrutina_de_tiempo_1_variable.asm
                  ST2V_V1   0x000019    program     static C:\Users\diego\Documents\Aprendiendo MPLAB (Ensamblador)\EjerciciosPIC16F887.X\14_subrutina_de_tiempo_1_variable.asm
                     ST3V   0x000021    program     static C:\Users\diego\Documents\Aprendiendo MPLAB (Ensamblador)\EjerciciosPIC16F887.X\14_subrutina_de_tiempo_1_variable.asm
                  ST3V_V1   0x000023    program     static C:\Users\diego\Documents\Aprendiendo MPLAB (Ensamblador)\EjerciciosPIC16F887.X\14_subrutina_de_tiempo_1_variable.asm
                  ST3V_V2   0x000025    program     static C:\Users\diego\Documents\Aprendiendo MPLAB (Ensamblador)\EjerciciosPIC16F887.X\14_subrutina_de_tiempo_1_variable.asm


